UnknownTypeDefault.java:11:21: compiler.err.cant.resolve.location: kindname.class, Y, , , (compiler.misc.location: kindname.class, UnknownTypeDefault, null)
UnknownTypeDefault.java:12:22: compiler.err.doesnt.exist: y
2 errors
